$ bun x tsx src/loaders/main.ts
[LOADER] OneRep Data Loader Starting...

[DB] Connected to PostgreSQL ✓

[SETUP] Ensuring datasets...

[DB] Tables ready ✓

[LOADER] Loading exercises...
[LOADER] Starting exercises load...
[LOADER] Exercises already loaded, skipping...

[LOADER] Loading foods (streaming from parquet)...

[LOADER] Starting foods loader (Python/DuckDB)...

[PY] Connecting to PostgreSQL...
[PY] Already have 1874991 foods
[PY] Total foods: 4417166
[PY] 5000/4417166 (0%)
[PY] 10000/4417166 (0%)
[PY] 15000/4417166 (0%)
[PY] 20000/4417166 (0%)
[PY] 25000/4417166 (0%)
[PY] 30000/4417166 (0%)
[PY] 35000/4417166 (0%)
[PY] 40000/4417166 (0%)
[PY] 45000/4417166 (1%)
[PY] 50000/4417166 (1%)
[PY] 55000/4417166 (1%)
[PY] 60000/4417166 (1%)
[PY] 65000/4417166 (1%)
[PY] 70000/4417166 (1%)
[PY] 75000/4417166 (1%)
[PY] 80000/4417166 (1%)
[PY] 85000/4417166 (1%)
[PY] 90000/4417166 (2%)
[PY] 95000/4417166 (2%)
[PY] 100000/4417166 (2%)
[PY] 105000/4417166 (2%)
[PY] 110000/4417166 (2%)
[PY] 115000/4417166 (2%)
[PY] 120000/4417166 (2%)
[PY] 125000/4417166 (2%)
[PY] 130000/4417166 (2%)
[PY] 135000/4417166 (3%)
[PY] 140000/4417166 (3%)
[PY] 145000/4417166 (3%)
[PY] 150000/4417166 (3%)
[PY] 155000/4417166 (3%)
[PY] 160000/4417166 (3%)
[PY] 165000/4417166 (3%)
[PY] 170000/4417166 (3%)
[PY] 175000/4417166 (3%)
[PY] 180000/4417166 (4%)
[PY] 185000/4417166 (4%)
[PY] 190000/4417166 (4%)
[PY] 195000/4417166 (4%)
[PY] 200000/4417166 (4%)
[PY] 205000/4417166 (4%)
[PY] 210000/4417166 (4%)
[PY] 215000/4417166 (4%)
[LOADER] Fatal error: Error: Python script exited with code null
    at ChildProcess.<anonymous> (/Users/ananth/Documents/Cod[LOADER] Fatal error: Error: Python script exited with code null
    at ChildProcess.<anonymous> (/Users/ananth/Documents/Code/onerep/apps/data-api/src/loaders/main.ts:99:16)
    at ChildProcess.emit (node:events:509:20)
  error: script "loader" exited with code 1
ss:1108:16)
    at ChildProcess._handle.onexit (node:internal/child_process:305:5)
error: script "loader" exited with code 1
